[2013-11-21 17:11:02.307] [32;1mINFO[0m: example.org: [1mA short message[0m 
[2019-04-11 17:47:04.000] [36;1mDEBUG[0m: example.org: [1mA short message[0m 
	A long message
[2014-02-07 07:59:12.704] [31;1mERROR[0m: example.org: [1mA short message[0m 
	Backtrace here
	
	more stuff
[2019-04-10 18:06:01.675] [91;1mALERT[0m: example.org: [1mA short message[0m [35msome_env_var[0m=bar [35msome_info[0m=foo [35muser_id[0m=9001
	Backtrace here
	
	more stuff
[2013-11-21 17:11:02.307] [33;1mNOTICE[0m: my-app/my-module on my-server: [1mfoo[0m 
[2019-04-11 17:47:04.000] [91;1mALERT[0m: example.org: [1mA short message[0m 
	A long message
