[2019-04-19 16:13:33.838] ALERT: server: Starting server 
[2019-04-19 16:13:33.838] INFO: server: Starting server 
[2019-04-19 16:13:33.838] INFO: app on server: Starting server 
[2019-04-19 16:13:33.838] INFO: module on server: Starting server 
[2019-04-19 16:13:33.903] INFO: server: Listening for requests endpoint=locahost:3000/v1
[1974-12-06 13:37:29.539] INFO: app/module on server: Request received method=GET path=/todos/1 request_id=0c4c165d
[1974-12-06 13:37:29.583] DEBUG: app/module on server: Response request_id=0c4c165d status=200
	{
		"user_id": 1,
		"id": 1,
		"title": "fix /users/:id/todos route",
		"completed": false
	}
[1974-12-06 13:42:29.236] INFO: app/module on server: Request received method=GET path=/users/1/todos request_id=0c4c165d
[1974-12-06 13:42:29.562] ERROR: app/module on server: Unexpected error request_id=0c4c165d
	runtime error: index out of range
	goroutine 1 [running]:
	main.main()
		/app/module/main.go: 9 +0x20
[1974-12-06 13:42:29.571] WARNING: app/module on server: Server shutting down 
